// Jest Snapshot v1, https://goo.gl/fbAQLP

exports[`Person View should render person view 1`] = `
Object {
  "asFragment": [Function],
  "baseElement": <body>
    <div>
      <div
        class="govuk-tabs lbh-tabs sv-space-t"
        data-module="govuk-tabs"
      >
        <h2
          class="govuk-tabs__title"
        >
          Contents
        </h2>
        <div
          class="govuk-!-margin-bottom-5"
        >
          <a
            class="govuk-back-link lbh-link lbh-link--no-visited-state"
            href="/search"
            id="back-to-search"
          >
            Back to search results
          </a>
          <a
            class="govuk-link lbh-link lbh-link--no-visited-state govuk-!-margin-left-2"
            href="/"
            id="new-search"
          >
            New search
          </a>
        </div>
        <h1>
           
        </h1>
        <div
          class="govuk-summary-list__row"
        >
          <dt
            class="govuk-summary-list__key govuk-!-width-one-half"
          >
            <h5
              class="lbh-heading-h5"
            >
              Email
            </h5>
          </dt>
          <dd
            class="govuk-summary-list__value"
          >
            <div
              class="lbh-body-s sv-null-field"
              data-testid="emailField"
            >
              Not known
            </div>
          </dd>
        </div>
        <div
          class="govuk-summary-list__row"
        >
          <dt
            class="govuk-summary-list__key govuk-!-width-one-half"
          >
            <h5
              class="lbh-heading-h5"
            >
              Gender
            </h5>
          </dt>
          <dd
            class="govuk-summary-list__value"
          >
            <div
              class="lbh-body-s sv-null-field"
              data-testid="genderField"
            >
              Not known
            </div>
          </dd>
        </div>
      </div>
    </div>
  </body>,
  "container": <div>
    <div
      class="govuk-tabs lbh-tabs sv-space-t"
      data-module="govuk-tabs"
    >
      <h2
        class="govuk-tabs__title"
      >
        Contents
      </h2>
      <div
        class="govuk-!-margin-bottom-5"
      >
        <a
          class="govuk-back-link lbh-link lbh-link--no-visited-state"
          href="/search"
          id="back-to-search"
        >
          Back to search results
        </a>
        <a
          class="govuk-link lbh-link lbh-link--no-visited-state govuk-!-margin-left-2"
          href="/"
          id="new-search"
        >
          New search
        </a>
      </div>
      <h1>
         
      </h1>
      <div
        class="govuk-summary-list__row"
      >
        <dt
          class="govuk-summary-list__key govuk-!-width-one-half"
        >
          <h5
            class="lbh-heading-h5"
          >
            Email
          </h5>
        </dt>
        <dd
          class="govuk-summary-list__value"
        >
          <div
            class="lbh-body-s sv-null-field"
            data-testid="emailField"
          >
            Not known
          </div>
        </dd>
      </div>
      <div
        class="govuk-summary-list__row"
      >
        <dt
          class="govuk-summary-list__key govuk-!-width-one-half"
        >
          <h5
            class="lbh-heading-h5"
          >
            Gender
          </h5>
        </dt>
        <dd
          class="govuk-summary-list__value"
        >
          <div
            class="lbh-body-s sv-null-field"
            data-testid="genderField"
          >
            Not known
          </div>
        </dd>
      </div>
    </div>
  </div>,
  "debug": [Function],
  "findAllByAltText": [Function],
  "findAllByDisplayValue": [Function],
  "findAllByLabelText": [Function],
  "findAllByPlaceholderText": [Function],
  "findAllByRole": [Function],
  "findAllByTestId": [Function],
  "findAllByText": [Function],
  "findAllByTitle": [Function],
  "findByAltText": [Function],
  "findByDisplayValue": [Function],
  "findByLabelText": [Function],
  "findByPlaceholderText": [Function],
  "findByRole": [Function],
  "findByTestId": [Function],
  "findByText": [Function],
  "findByTitle": [Function],
  "getAllByAltText": [Function],
  "getAllByDisplayValue": [Function],
  "getAllByLabelText": [Function],
  "getAllByPlaceholderText": [Function],
  "getAllByRole": [Function],
  "getAllByTestId": [Function],
  "getAllByText": [Function],
  "getAllByTitle": [Function],
  "getByAltText": [Function],
  "getByDisplayValue": [Function],
  "getByLabelText": [Function],
  "getByPlaceholderText": [Function],
  "getByRole": [Function],
  "getByTestId": [Function],
  "getByText": [Function],
  "getByTitle": [Function],
  "queryAllByAltText": [Function],
  "queryAllByDisplayValue": [Function],
  "queryAllByLabelText": [Function],
  "queryAllByPlaceholderText": [Function],
  "queryAllByRole": [Function],
  "queryAllByTestId": [Function],
  "queryAllByText": [Function],
  "queryAllByTitle": [Function],
  "queryByAltText": [Function],
  "queryByDisplayValue": [Function],
  "queryByLabelText": [Function],
  "queryByPlaceholderText": [Function],
  "queryByRole": [Function],
  "queryByTestId": [Function],
  "queryByText": [Function],
  "queryByTitle": [Function],
  "rerender": [Function],
  "unmount": [Function],
}
`;
